{"level":"INFO","message":"[2:23:46.101 AM]: Creating new connection object"}
{"level":"INFO","message":"[2:23:46.183 AM]: Creating Connection[id: 24dfeb4d-0ee6-474a-9080-54102f08b018] with host: YOUR_ACCOUNT.snowflakecomputing.com, account: YOUR_ACCOUNT, accessUrl: https://YOUR_ACCOUNT.snowflakecomputing.com, user: typicality, role: undefined, database: WALKS, schema: PUBLIC, warehouse: COMPUTE_WH, proxy was not configured, password is provided, region: undefined, authenticator: SNOWFLAKE, ocsp mode: FAIL_OPEN, os: linux, os version: 6.6.87.2-microsoft-standard-WSL2"}
{"level":"INFO","message":"[2:23:46.184 AM]: Connection[id: 24dfeb4d-0ee6-474a-9080-54102f08b018] additional details: passcode in password is provided, passcode is not provided, private key is not provided, application: undefined, client name: snowflake-sdk, client version: 2.3.4, retry timeout: 300, private key path: undefined, private key pass is not provided, client store temporary credential: false, browser response timeout: 120000"}
{"level":"INFO","message":"[2:23:46.184 AM]: Connection[id: 24dfeb4d-0ee6-474a-9080-54102f08b018] - connection object created successfully."}
{"level":"INFO","message":"[2:23:46.184 AM]: Connection[id: 24dfeb4d-0ee6-474a-9080-54102f08b018] - connecting. Associated Snowflake domain: GLOBAL"}
{"level":"INFO","message":"[2:23:46.185 AM]: Connection[id: 24dfeb4d-0ee6-474a-9080-54102f08b018] - authentication successful using: SNOWFLAKE"}
{"level":"INFO","message":"[2:23:46.186 AM]: Trying to initialize Easy Logging"}
{"level":"INFO","message":"[2:23:46.198 AM]: No client config detected."}
{"level":"INFO","message":"[2:23:46.198 AM]: No config file path found. Client config will not be used."}
{"level":"INFO","message":"[2:23:46.199 AM]: Easy Logging is disabled as no config has been found"}
{"level":"ERROR","message":"[2:23:47.002 AM]: Connection[id: 24dfeb4d-0ee6-474a-9080-54102f08b018] - connection failed after 817.15 milliseconds. Error: Request to Snowflake failed."}
{"level":"INFO","message":"[2:24:44.089 AM]: Creating new connection object"}
{"level":"INFO","message":"[2:24:44.170 AM]: Creating Connection[id: 26db6b78-8ec9-4d97-91f0-fac0d3ff280b] with host: cnc27663.snowflakecomputing.com, account: cnc27663, accessUrl: https://cnc27663.snowflakecomputing.com, user: typicality, role: undefined, database: WALKS, schema: PUBLIC, warehouse: COMPUTE_WH, proxy was not configured, password is provided, region: undefined, authenticator: SNOWFLAKE, ocsp mode: FAIL_OPEN, os: linux, os version: 6.6.87.2-microsoft-standard-WSL2"}
{"level":"INFO","message":"[2:24:44.170 AM]: Connection[id: 26db6b78-8ec9-4d97-91f0-fac0d3ff280b] additional details: passcode in password is provided, passcode is not provided, private key is not provided, application: undefined, client name: snowflake-sdk, client version: 2.3.4, retry timeout: 300, private key path: undefined, private key pass is not provided, client store temporary credential: false, browser response timeout: 120000"}
{"level":"INFO","message":"[2:24:44.171 AM]: Connection[id: 26db6b78-8ec9-4d97-91f0-fac0d3ff280b] - connection object created successfully."}
{"level":"INFO","message":"[2:24:44.171 AM]: Connection[id: 26db6b78-8ec9-4d97-91f0-fac0d3ff280b] - connecting. Associated Snowflake domain: GLOBAL"}
{"level":"INFO","message":"[2:24:44.172 AM]: Connection[id: 26db6b78-8ec9-4d97-91f0-fac0d3ff280b] - authentication successful using: SNOWFLAKE"}
{"level":"INFO","message":"[2:24:44.172 AM]: Trying to initialize Easy Logging"}
{"level":"INFO","message":"[2:24:44.176 AM]: No client config detected."}
{"level":"INFO","message":"[2:24:44.177 AM]: No config file path found. Client config will not be used."}
{"level":"INFO","message":"[2:24:44.178 AM]: Easy Logging is disabled as no config has been found"}
{"level":"ERROR","message":"[2:24:44.557 AM]: Connection[id: 26db6b78-8ec9-4d97-91f0-fac0d3ff280b] - connection failed after 386.23 milliseconds. Error: Request to Snowflake failed."}
{"level":"INFO","message":"[2:25:30.968 AM]: Creating new connection object"}
{"level":"INFO","message":"[2:25:31.048 AM]: Creating Connection[id: 3be53553-073c-4bdc-a8d6-e5f4fc06a144] with host: cnc27663.us-east-1.aws.snowflakecomputing.com, account: cnc27663, accessUrl: https://cnc27663.us-east-1.aws.snowflakecomputing.com, user: typicality, role: undefined, database: WALKS, schema: PUBLIC, warehouse: COMPUTE_WH, proxy was not configured, password is provided, region: us-east-1.aws, authenticator: SNOWFLAKE, ocsp mode: FAIL_OPEN, os: linux, os version: 6.6.87.2-microsoft-standard-WSL2"}
{"level":"INFO","message":"[2:25:31.049 AM]: Connection[id: 3be53553-073c-4bdc-a8d6-e5f4fc06a144] additional details: passcode in password is provided, passcode is not provided, private key is not provided, application: undefined, client name: snowflake-sdk, client version: 2.3.4, retry timeout: 300, private key path: undefined, private key pass is not provided, client store temporary credential: false, browser response timeout: 120000"}
{"level":"INFO","message":"[2:25:31.049 AM]: Connection[id: 3be53553-073c-4bdc-a8d6-e5f4fc06a144] - connection object created successfully."}
{"level":"INFO","message":"[2:25:31.050 AM]: Connection[id: 3be53553-073c-4bdc-a8d6-e5f4fc06a144] - connecting. Associated Snowflake domain: GLOBAL"}
{"level":"INFO","message":"[2:25:31.051 AM]: Connection[id: 3be53553-073c-4bdc-a8d6-e5f4fc06a144] - authentication successful using: SNOWFLAKE"}
{"level":"INFO","message":"[2:25:31.051 AM]: Trying to initialize Easy Logging"}
{"level":"INFO","message":"[2:25:31.054 AM]: No client config detected."}
{"level":"INFO","message":"[2:25:31.054 AM]: No config file path found. Client config will not be used."}
{"level":"INFO","message":"[2:25:31.054 AM]: Easy Logging is disabled as no config has been found"}
{"level":"INFO","message":"[2:26:36.190 AM]: Creating new connection object"}
{"level":"INFO","message":"[2:26:36.266 AM]: Creating Connection[id: bea41838-ff8e-4102-81f0-0f3a8319cd1a] with host: cnc27663.us-east-1.aws.snowflakecomputing.com, account: cnc27663, accessUrl: https://cnc27663.us-east-1.aws.snowflakecomputing.com, user: typicality, role: undefined, database: WALKS, schema: PUBLIC, warehouse: COMPUTE_WH, proxy was not configured, password is provided, region: us-east-1.aws, authenticator: SNOWFLAKE, ocsp mode: FAIL_OPEN, os: linux, os version: 6.6.87.2-microsoft-standard-WSL2"}
{"level":"INFO","message":"[2:26:36.267 AM]: Connection[id: bea41838-ff8e-4102-81f0-0f3a8319cd1a] additional details: passcode in password is provided, passcode is not provided, private key is not provided, application: undefined, client name: snowflake-sdk, client version: 2.3.4, retry timeout: 300, private key path: undefined, private key pass is not provided, client store temporary credential: false, browser response timeout: 120000"}
{"level":"INFO","message":"[2:26:36.267 AM]: Connection[id: bea41838-ff8e-4102-81f0-0f3a8319cd1a] - connection object created successfully."}
{"level":"INFO","message":"[2:26:36.267 AM]: Connection[id: bea41838-ff8e-4102-81f0-0f3a8319cd1a] - connecting. Associated Snowflake domain: GLOBAL"}
{"level":"INFO","message":"[2:26:36.268 AM]: Connection[id: bea41838-ff8e-4102-81f0-0f3a8319cd1a] - connecting. Associated Snowflake domain: GLOBAL"}
{"level":"INFO","message":"[2:26:36.269 AM]: Connection[id: bea41838-ff8e-4102-81f0-0f3a8319cd1a] - authentication successful using: SNOWFLAKE"}
{"level":"INFO","message":"[2:26:36.269 AM]: Trying to initialize Easy Logging"}
{"level":"INFO","message":"[2:26:36.270 AM]: Connection[id: bea41838-ff8e-4102-81f0-0f3a8319cd1a] - authentication successful using: SNOWFLAKE"}
{"level":"INFO","message":"[2:26:36.271 AM]: Trying to initialize Easy Logging"}
{"level":"INFO","message":"[2:26:36.275 AM]: No client config detected."}
{"level":"INFO","message":"[2:26:36.276 AM]: No config file path found. Client config will not be used."}
{"level":"INFO","message":"[2:26:36.276 AM]: Easy Logging is disabled as no config has been found"}
{"level":"INFO","message":"[2:26:36.302 AM]: No client config detected."}
{"level":"INFO","message":"[2:26:36.302 AM]: No config file path found. Client config will not be used."}
{"level":"INFO","message":"[2:26:36.302 AM]: Easy Logging is disabled as no config has been found"}
{"level":"ERROR","message":"[2:26:36.303 AM]: Connection[id: bea41838-ff8e-4102-81f0-0f3a8319cd1a] - connection failed after 34.63 milliseconds. Error: Connection already in progress."}
{"level":"INFO","message":"[2:29:31.961 AM]: Creating new connection object"}
{"level":"INFO","message":"[2:29:32.035 AM]: Creating Connection[id: 70a3298f-827f-427f-8c0e-026bfc5ce51b] with host: cnc27663.us-east-1.aws.snowflakecomputing.com, account: cnc27663, accessUrl: https://cnc27663.us-east-1.aws.snowflakecomputing.com, user: typicality, role: undefined, database: WALKS, schema: PUBLIC, warehouse: COMPUTE_WH, proxy was not configured, password is provided, region: us-east-1.aws, authenticator: SNOWFLAKE, ocsp mode: FAIL_OPEN, os: linux, os version: 6.6.87.2-microsoft-standard-WSL2"}
{"level":"INFO","message":"[2:29:32.036 AM]: Connection[id: 70a3298f-827f-427f-8c0e-026bfc5ce51b] additional details: passcode in password is provided, passcode is not provided, private key is not provided, application: undefined, client name: snowflake-sdk, client version: 2.3.4, retry timeout: 300, private key path: undefined, private key pass is not provided, client store temporary credential: false, browser response timeout: 120000"}
{"level":"INFO","message":"[2:29:32.036 AM]: Connection[id: 70a3298f-827f-427f-8c0e-026bfc5ce51b] - connection object created successfully."}
{"level":"INFO","message":"[2:29:32.036 AM]: Connection[id: 70a3298f-827f-427f-8c0e-026bfc5ce51b] - connecting. Associated Snowflake domain: GLOBAL"}
{"level":"INFO","message":"[2:29:32.037 AM]: Connection[id: 70a3298f-827f-427f-8c0e-026bfc5ce51b] - authentication successful using: SNOWFLAKE"}
{"level":"INFO","message":"[2:29:32.038 AM]: Trying to initialize Easy Logging"}
{"level":"INFO","message":"[2:29:32.040 AM]: No client config detected."}
{"level":"INFO","message":"[2:29:32.041 AM]: No config file path found. Client config will not be used."}
{"level":"INFO","message":"[2:29:32.041 AM]: Easy Logging is disabled as no config has been found"}
{"level":"ERROR","message":"[2:32:29.984 AM]: Connection[id: 70a3298f-827f-427f-8c0e-026bfc5ce51b] - connection failed after 177899.23 milliseconds. Error: Hostname/IP does not match certificate's altnames: Host: cnc27663.us-east-1.aws.snowflakecomputing.com. is not in the cert's altnames: DNS:*.prod3.us-west-2.aws.snowflakecomputing.com, DNS:*.global.privatelink.snowflakecomputing.com, DNS:*.global.snowflakecomputing.com, DNS:*.ingest.pdxaaj.privatelink.snowflakecomputing.com, DNS:*.ingest.pdxaaj.snowflakecomputing.com, DNS:*.opencatalog.p"}
{"level":"INFO","message":"[2:35:10.373 AM]: Creating new connection object"}
{"level":"INFO","message":"[2:35:10.452 AM]: Creating Connection[id: 22762b1f-fe35-4b90-8741-884d61cf15a2] with host: cnc27663.us-east-1.aws.snowflakecomputing.com, account: cnc27663, accessUrl: https://cnc27663.us-east-1.aws.snowflakecomputing.com, user: typicality, role: undefined, database: WALKS, schema: PUBLIC, warehouse: COMPUTE_WH, proxy was not configured, password is provided, region: us-east-1.aws, authenticator: SNOWFLAKE, ocsp mode: FAIL_OPEN, os: linux, os version: 6.6.87.2-microsoft-standard-WSL2"}
{"level":"INFO","message":"[2:35:10.453 AM]: Connection[id: 22762b1f-fe35-4b90-8741-884d61cf15a2] additional details: passcode in password is provided, passcode is not provided, private key is not provided, application: undefined, client name: snowflake-sdk, client version: 2.3.4, retry timeout: 300, private key path: undefined, private key pass is not provided, client store temporary credential: false, browser response timeout: 120000"}
{"level":"INFO","message":"[2:35:10.453 AM]: Connection[id: 22762b1f-fe35-4b90-8741-884d61cf15a2] - connection object created successfully."}
{"level":"INFO","message":"[2:35:10.453 AM]: Connection[id: 22762b1f-fe35-4b90-8741-884d61cf15a2] - connecting. Associated Snowflake domain: GLOBAL"}
{"level":"INFO","message":"[2:35:10.454 AM]: Connection[id: 22762b1f-fe35-4b90-8741-884d61cf15a2] - authentication successful using: SNOWFLAKE"}
{"level":"INFO","message":"[2:35:10.455 AM]: Trying to initialize Easy Logging"}
{"level":"INFO","message":"[2:35:10.457 AM]: No client config detected."}
{"level":"INFO","message":"[2:35:10.457 AM]: No config file path found. Client config will not be used."}
{"level":"INFO","message":"[2:35:10.458 AM]: Easy Logging is disabled as no config has been found"}
{"level":"INFO","message":"[2:37:34.258 AM]: Creating new connection object"}
{"level":"INFO","message":"[2:37:34.331 AM]: Creating Connection[id: e3204593-fd52-432c-ab9c-25b0ddff0def] with host: cnc27663.snowflakecomputing.com, account: cnc27663, accessUrl: https://cnc27663.snowflakecomputing.com, user: typicality, role: undefined, database: WALKS, schema: PUBLIC, warehouse: COMPUTE_WH, proxy was not configured, password is provided, region: us-west-2, authenticator: SNOWFLAKE, ocsp mode: FAIL_OPEN, os: linux, os version: 6.6.87.2-microsoft-standard-WSL2"}
{"level":"INFO","message":"[2:37:34.331 AM]: Connection[id: e3204593-fd52-432c-ab9c-25b0ddff0def] additional details: passcode in password is provided, passcode is not provided, private key is not provided, application: undefined, client name: snowflake-sdk, client version: 2.3.4, retry timeout: 300, private key path: undefined, private key pass is not provided, client store temporary credential: false, browser response timeout: 120000"}
{"level":"INFO","message":"[2:37:34.332 AM]: Connection[id: e3204593-fd52-432c-ab9c-25b0ddff0def] - connection object created successfully."}
{"level":"INFO","message":"[2:37:34.332 AM]: Connection[id: e3204593-fd52-432c-ab9c-25b0ddff0def] - connecting. Associated Snowflake domain: GLOBAL"}
{"level":"INFO","message":"[2:37:34.333 AM]: Connection[id: e3204593-fd52-432c-ab9c-25b0ddff0def] - authentication successful using: SNOWFLAKE"}
{"level":"INFO","message":"[2:37:34.333 AM]: Trying to initialize Easy Logging"}
{"level":"INFO","message":"[2:37:34.336 AM]: No client config detected."}
{"level":"INFO","message":"[2:37:34.336 AM]: No config file path found. Client config will not be used."}
{"level":"INFO","message":"[2:37:34.337 AM]: Easy Logging is disabled as no config has been found"}
{"level":"ERROR","message":"[2:37:34.720 AM]: Connection[id: e3204593-fd52-432c-ab9c-25b0ddff0def] - connection failed after 387.29 milliseconds. Error: Request to Snowflake failed."}
{"level":"INFO","message":"[2:38:41.505 AM]: Creating new connection object"}
{"level":"INFO","message":"[2:38:41.591 AM]: Creating Connection[id: afa76b3d-0fdf-4d3e-b49a-5de2e6999e63] with host: cnc27663.us-east-1.snowflakecomputing.com, account: cnc27663, accessUrl: https://cnc27663.us-east-1.snowflakecomputing.com, user: typicality, role: undefined, database: WALKS, schema: PUBLIC, warehouse: COMPUTE_WH, proxy was not configured, password is provided, region: us-east-1, authenticator: SNOWFLAKE, ocsp mode: FAIL_OPEN, os: linux, os version: 6.6.87.2-microsoft-standard-WSL2"}
{"level":"INFO","message":"[2:38:41.592 AM]: Connection[id: afa76b3d-0fdf-4d3e-b49a-5de2e6999e63] additional details: passcode in password is provided, passcode is not provided, private key is not provided, application: undefined, client name: snowflake-sdk, client version: 2.3.4, retry timeout: 300, private key path: undefined, private key pass is not provided, client store temporary credential: false, browser response timeout: 120000"}
{"level":"INFO","message":"[2:38:41.592 AM]: Connection[id: afa76b3d-0fdf-4d3e-b49a-5de2e6999e63] - connection object created successfully."}
{"level":"INFO","message":"[2:38:41.593 AM]: Connection[id: afa76b3d-0fdf-4d3e-b49a-5de2e6999e63] - connecting. Associated Snowflake domain: GLOBAL"}
{"level":"INFO","message":"[2:38:41.594 AM]: Connection[id: afa76b3d-0fdf-4d3e-b49a-5de2e6999e63] - authentication successful using: SNOWFLAKE"}
{"level":"INFO","message":"[2:38:41.594 AM]: Trying to initialize Easy Logging"}
{"level":"INFO","message":"[2:38:41.598 AM]: No client config detected."}
{"level":"INFO","message":"[2:38:41.599 AM]: No config file path found. Client config will not be used."}
{"level":"INFO","message":"[2:38:41.599 AM]: Easy Logging is disabled as no config has been found"}
{"level":"ERROR","message":"[2:38:43.089 AM]: Connection[id: afa76b3d-0fdf-4d3e-b49a-5de2e6999e63] - connection failed after 1496.71 milliseconds. Error: Multi-factor authentication is required for this account. Log in to Snowsight to enroll."}
{"level":"INFO","message":"[2:45:31.883 AM]: Creating new connection object"}
{"level":"INFO","message":"[2:45:31.973 AM]: Creating Connection[id: 98be152c-e77a-4fa4-9395-3ae9ec5ead5b] with host: cnc27663.snowflakecomputing.com, account: cnc27663, accessUrl: https://cnc27663.snowflakecomputing.com, user: typicality, role: undefined, database: WALKS, schema: PUBLIC, warehouse: COMPUTE_WH, proxy was not configured, password is not provided, region: undefined, authenticator: EXTERNALBROWSER, ocsp mode: FAIL_OPEN, os: linux, os version: 6.6.87.2-microsoft-standard-WSL2"}
{"level":"INFO","message":"[2:45:31.973 AM]: Connection[id: 98be152c-e77a-4fa4-9395-3ae9ec5ead5b] additional details: passcode in password is provided, passcode is not provided, private key is not provided, application: undefined, client name: snowflake-sdk, client version: 2.3.4, retry timeout: 300, private key path: undefined, private key pass is not provided, client store temporary credential: false, browser response timeout: 120000"}
{"level":"INFO","message":"[2:45:31.974 AM]: Connection[id: 98be152c-e77a-4fa4-9395-3ae9ec5ead5b] - connection object created successfully."}
{"level":"INFO","message":"[2:45:31.974 AM]: Connection[id: 98be152c-e77a-4fa4-9395-3ae9ec5ead5b] - async connecting. Associated Snowflake domain: GLOBAL"}
{"level":"INFO","message":"[2:45:31.975 AM]: Trying to initialize Easy Logging"}
{"level":"INFO","message":"[2:45:31.977 AM]: No client config detected."}
{"level":"INFO","message":"[2:45:31.978 AM]: No config file path found. Client config will not be used."}
{"level":"INFO","message":"[2:45:31.978 AM]: Easy Logging is disabled as no config has been found"}
{"level":"INFO","message":"[2:45:32.332 AM]: Connection[id: 98be152c-e77a-4fa4-9395-3ae9ec5ead5b] - failed to connect async after 357.63 milliseconds.Failed during authentication. Error: AxiosError: Request failed with status code 404\n    at settle (/mnt/c/Users/langd4/Documents/GitHub/TrailMatev2/node_modules/axios/dist/node/axios.cjs:2304:7)\n    at IncomingMessage.handleStreamEnd (/mnt/c/Users/langd4/Documents/GitHub/TrailMatev2/node_modules/axios/dist/node/axios.cjs:3772:13)\n    at IncomingMessage.emit (node:events:520:35)\n    at endRea"}
{"level":"ERROR","message":"[2:45:32.333 AM]: Connection[id: 98be152c-e77a-4fa4-9395-3ae9ec5ead5b] - failed during authentication. Error: AxiosError: Request failed with status code 404\n    at settle (/mnt/c/Users/langd4/Documents/GitHub/TrailMatev2/node_modules/axios/dist/node/axios.cjs:2304:7)\n    at IncomingMessage.handleStreamEnd (/mnt/c/Users/langd4/Documents/GitHub/TrailMatev2/node_modules/axios/dist/node/axios.cjs:3772:13)\n    at IncomingMessage.emit (node:events:520:35)\n    at endReadableNT (node:internal/streams/readable:1729:12)\n "}
{"level":"INFO","message":"[2:47:04.592 AM]: Creating new connection object"}
{"level":"INFO","message":"[2:47:04.679 AM]: Creating Connection[id: 26f9b072-3649-445f-8c9b-028eb4b8dcaa] with host: cnc27663.us-east-1.snowflakecomputing.com, account: cnc27663, accessUrl: https://cnc27663.us-east-1.snowflakecomputing.com, user: typicality, role: undefined, database: WALKS, schema: PUBLIC, warehouse: COMPUTE_WH, proxy was not configured, password is not provided, region: us-east-1, authenticator: EXTERNALBROWSER, ocsp mode: FAIL_OPEN, os: linux, os version: 6.6.87.2-microsoft-standard-WSL2"}
{"level":"INFO","message":"[2:47:04.679 AM]: Connection[id: 26f9b072-3649-445f-8c9b-028eb4b8dcaa] additional details: passcode in password is provided, passcode is not provided, private key is not provided, application: undefined, client name: snowflake-sdk, client version: 2.3.4, retry timeout: 300, private key path: undefined, private key pass is not provided, client store temporary credential: false, browser response timeout: 120000"}
{"level":"INFO","message":"[2:47:04.680 AM]: Connection[id: 26f9b072-3649-445f-8c9b-028eb4b8dcaa] - connection object created successfully."}
{"level":"INFO","message":"[2:47:04.680 AM]: Connection[id: 26f9b072-3649-445f-8c9b-028eb4b8dcaa] - async connecting. Associated Snowflake domain: GLOBAL"}
{"level":"INFO","message":"[2:47:04.681 AM]: Trying to initialize Easy Logging"}
{"level":"INFO","message":"[2:47:04.683 AM]: No client config detected."}
{"level":"INFO","message":"[2:47:04.684 AM]: No config file path found. Client config will not be used."}
{"level":"INFO","message":"[2:47:04.684 AM]: Easy Logging is disabled as no config has been found"}
{"level":"INFO","message":"[2:47:04.890 AM]: Connection[id: 26f9b072-3649-445f-8c9b-028eb4b8dcaa] - failed to connect async after 209.93 milliseconds.Failed during authentication. Error: TypeError: Cannot read properties of null (reading 'proofKey')\n    at AuthWeb.authenticate (/mnt/c/Users/langd4/Documents/GitHub/TrailMatev2/node_modules/snowflake-sdk/dist/lib/authentication/auth_web.js:70:31)\n    at process.processTicksAndRejections (node:internal/process/task_queues:104:5)\n    at async Connection.connectAsync (/mnt/c/Users/langd4/Docume"}
{"level":"ERROR","message":"[2:47:04.891 AM]: Connection[id: 26f9b072-3649-445f-8c9b-028eb4b8dcaa] - failed during authentication. Error: TypeError: Cannot read properties of null (reading 'proofKey')\n    at AuthWeb.authenticate (/mnt/c/Users/langd4/Documents/GitHub/TrailMatev2/node_modules/snowflake-sdk/dist/lib/authentication/auth_web.js:70:31)\n    at process.processTicksAndRejections (node:internal/process/task_queues:104:5)\n    at async Connection.connectAsync (/mnt/c/Users/langd4/Documents/GitHub/TrailMatev2/node_modules/snowflake-sdk/"}
{"level":"INFO","message":"[2:47:44.486 AM]: Creating new connection object"}
{"level":"INFO","message":"[2:47:44.502 AM]: Creating Connection[id: 5f5f8056-cf0d-418e-a923-4b2db9d5a003] with host: cnc27663.us-east-1.snowflakecomputing.com, account: cnc27663, accessUrl: https://cnc27663.us-east-1.snowflakecomputing.com, user: typicality, role: undefined, database: WALKS, schema: PUBLIC, warehouse: COMPUTE_WH, proxy was not configured, password is not provided, region: us-east-1, authenticator: EXTERNALBROWSER, ocsp mode: FAIL_OPEN, os: win32, os version: 10.0.26200"}
{"level":"INFO","message":"[2:47:44.503 AM]: Connection[id: 5f5f8056-cf0d-418e-a923-4b2db9d5a003] additional details: passcode in password is provided, passcode is not provided, private key is not provided, application: undefined, client name: snowflake-sdk, client version: 2.3.4, retry timeout: 300, private key path: undefined, private key pass is not provided, client store temporary credential: false, browser response timeout: 120000"}
{"level":"INFO","message":"[2:47:44.503 AM]: Connection[id: 5f5f8056-cf0d-418e-a923-4b2db9d5a003] - connection object created successfully."}
{"level":"INFO","message":"[2:47:44.504 AM]: Connection[id: 5f5f8056-cf0d-418e-a923-4b2db9d5a003] - async connecting. Associated Snowflake domain: GLOBAL"}
{"level":"INFO","message":"[2:47:44.504 AM]: Trying to initialize Easy Logging"}
{"level":"INFO","message":"[2:47:44.508 AM]: No client config detected."}
{"level":"INFO","message":"[2:47:44.508 AM]: No config file path found. Client config will not be used."}
{"level":"INFO","message":"[2:47:44.509 AM]: Easy Logging is disabled as no config has been found"}
{"level":"INFO","message":"[2:47:45.093 AM]: Connection[id: 5f5f8056-cf0d-418e-a923-4b2db9d5a003] - failed to connect async after 589.23 milliseconds.Failed during authentication. Error: TypeError: Cannot read properties of null (reading 'proofKey')\n    at AuthWeb.authenticate (C:\\Users\\langd4\\Documents\\GitHub\\TrailMatev2\\node_modules\\snowflake-sdk\\dist\\lib\\authentication\\auth_web.js:70:31)\n    at process.processTicksAndRejections (node:internal/process/task_queues:103:5)\n    at async Connection.connectAsync (C:\\Users\\langd4\\Documents\\GitH"}
{"level":"ERROR","message":"[2:47:45.094 AM]: Connection[id: 5f5f8056-cf0d-418e-a923-4b2db9d5a003] - failed during authentication. Error: TypeError: Cannot read properties of null (reading 'proofKey')\n    at AuthWeb.authenticate (C:\\Users\\langd4\\Documents\\GitHub\\TrailMatev2\\node_modules\\snowflake-sdk\\dist\\lib\\authentication\\auth_web.js:70:31)\n    at process.processTicksAndRejections (node:internal/process/task_queues:103:5)\n    at async Connection.connectAsync (C:\\Users\\langd4\\Documents\\GitHub\\TrailMatev2\\node_modules\\snowflake-sdk\\dist\\lib"}
{"level":"INFO","message":"[2:49:55.552 AM]: Creating new connection object"}
{"level":"INFO","message":"[2:49:55.569 AM]: Creating Connection[id: 4c0fb46f-e8fd-40fe-983a-b7c60751a3e7] with host: cnc27663.us-east-1.snowflakecomputing.com, account: cnc27663, accessUrl: https://cnc27663.us-east-1.snowflakecomputing.com, user: typicality, role: undefined, database: WALKS, schema: PUBLIC, warehouse: COMPUTE_WH, proxy was not configured, password is not provided, region: us-east-1, authenticator: EXTERNALBROWSER, ocsp mode: FAIL_OPEN, os: win32, os version: 10.0.26200"}
{"level":"INFO","message":"[2:49:55.569 AM]: Connection[id: 4c0fb46f-e8fd-40fe-983a-b7c60751a3e7] additional details: passcode in password is provided, passcode is not provided, private key is not provided, application: undefined, client name: snowflake-sdk, client version: 2.3.4, retry timeout: 300, private key path: undefined, private key pass is not provided, client store temporary credential: false, browser response timeout: 120000"}
{"level":"INFO","message":"[2:49:55.570 AM]: Connection[id: 4c0fb46f-e8fd-40fe-983a-b7c60751a3e7] - connection object created successfully."}
{"level":"INFO","message":"[2:49:55.570 AM]: Connection[id: 4c0fb46f-e8fd-40fe-983a-b7c60751a3e7] - connecting. Associated Snowflake domain: GLOBAL"}
{"level":"ERROR","message":"[2:49:55.570 AM]: Connection[id: 4c0fb46f-e8fd-40fe-983a-b7c60751a3e7] - connecting failed after 0.3 milliseconds.Error: External browser and Okta are not compatible with connection process"}
{"level":"INFO","message":"[2:51:05.745 AM]: Creating new connection object"}
{"level":"INFO","message":"[2:51:05.762 AM]: Creating Connection[id: 883cb00b-5752-4069-8786-feb430568cc6] with host: cnc27663.us-east-1.snowflakecomputing.com, account: cnc27663, accessUrl: https://cnc27663.us-east-1.snowflakecomputing.com, user: typicality, role: undefined, database: WALKS, schema: PUBLIC, warehouse: COMPUTE_WH, proxy was not configured, password is not provided, region: us-east-1, authenticator: EXTERNALBROWSER, ocsp mode: FAIL_OPEN, os: win32, os version: 10.0.26200"}
{"level":"INFO","message":"[2:51:05.763 AM]: Connection[id: 883cb00b-5752-4069-8786-feb430568cc6] additional details: passcode in password is provided, passcode is not provided, private key is not provided, application: undefined, client name: snowflake-sdk, client version: 2.3.4, retry timeout: 300, private key path: undefined, private key pass is not provided, client store temporary credential: false, browser response timeout: 120000"}
{"level":"INFO","message":"[2:51:05.763 AM]: Connection[id: 883cb00b-5752-4069-8786-feb430568cc6] - connection object created successfully."}
{"level":"INFO","message":"[2:51:05.764 AM]: Connection[id: 883cb00b-5752-4069-8786-feb430568cc6] - async connecting. Associated Snowflake domain: GLOBAL"}
{"level":"INFO","message":"[2:51:05.764 AM]: Trying to initialize Easy Logging"}
{"level":"INFO","message":"[2:51:05.767 AM]: No client config detected."}
{"level":"INFO","message":"[2:51:05.767 AM]: No config file path found. Client config will not be used."}
{"level":"INFO","message":"[2:51:05.767 AM]: Easy Logging is disabled as no config has been found"}
{"level":"INFO","message":"[2:51:05.981 AM]: Connection[id: 883cb00b-5752-4069-8786-feb430568cc6] - failed to connect async after 217.13 milliseconds.Failed during authentication. Error: TypeError: Cannot read properties of null (reading 'proofKey')\n    at AuthWeb.authenticate (C:\\Users\\langd4\\Documents\\GitHub\\TrailMatev2\\node_modules\\snowflake-sdk\\dist\\lib\\authentication\\auth_web.js:70:31)\n    at process.processTicksAndRejections (node:internal/process/task_queues:103:5)\n    at async Connection.connectAsync (C:\\Users\\langd4\\Documents\\GitH"}
{"level":"ERROR","message":"[2:51:05.982 AM]: Connection[id: 883cb00b-5752-4069-8786-feb430568cc6] - failed during authentication. Error: TypeError: Cannot read properties of null (reading 'proofKey')\n    at AuthWeb.authenticate (C:\\Users\\langd4\\Documents\\GitHub\\TrailMatev2\\node_modules\\snowflake-sdk\\dist\\lib\\authentication\\auth_web.js:70:31)\n    at process.processTicksAndRejections (node:internal/process/task_queues:103:5)\n    at async Connection.connectAsync (C:\\Users\\langd4\\Documents\\GitHub\\TrailMatev2\\node_modules\\snowflake-sdk\\dist\\lib"}
{"level":"INFO","message":"[2:51:41.808 AM]: Creating new connection object"}
{"level":"INFO","message":"[2:51:41.827 AM]: Creating Connection[id: 13711281-a8f3-40c9-9ea8-a337e8728bfd] with host: cnc27663.us-east-1.snowflakecomputing.com, account: cnc27663, accessUrl: https://cnc27663.us-east-1.snowflakecomputing.com, user: typicality, role: undefined, database: WALKS, schema: PUBLIC, warehouse: COMPUTE_WH, proxy was not configured, password is not provided, region: us-east-1, authenticator: EXTERNALBROWSER, ocsp mode: FAIL_OPEN, os: win32, os version: 10.0.26200"}
{"level":"INFO","message":"[2:51:41.827 AM]: Connection[id: 13711281-a8f3-40c9-9ea8-a337e8728bfd] additional details: passcode in password is provided, passcode is not provided, private key is not provided, application: undefined, client name: snowflake-sdk, client version: 2.3.4, retry timeout: 300, private key path: undefined, private key pass is not provided, client store temporary credential: false, browser response timeout: 120000"}
{"level":"INFO","message":"[2:51:41.827 AM]: Connection[id: 13711281-a8f3-40c9-9ea8-a337e8728bfd] - connection object created successfully."}
{"level":"INFO","message":"[2:51:41.828 AM]: Connection[id: 13711281-a8f3-40c9-9ea8-a337e8728bfd] - async connecting. Associated Snowflake domain: GLOBAL"}
{"level":"INFO","message":"[2:51:41.828 AM]: Trying to initialize Easy Logging"}
{"level":"INFO","message":"[2:51:41.831 AM]: No client config detected."}
{"level":"INFO","message":"[2:51:41.831 AM]: No config file path found. Client config will not be used."}
{"level":"INFO","message":"[2:51:41.831 AM]: Easy Logging is disabled as no config has been found"}
{"level":"INFO","message":"[2:51:42.036 AM]: Connection[id: 13711281-a8f3-40c9-9ea8-a337e8728bfd] - failed to connect async after 206.81 milliseconds.Failed during authentication. Error: TypeError: Cannot read properties of null (reading 'proofKey')\n    at AuthWeb.authenticate (C:\\Users\\langd4\\Documents\\GitHub\\TrailMatev2\\node_modules\\snowflake-sdk\\dist\\lib\\authentication\\auth_web.js:70:31)\n    at process.processTicksAndRejections (node:internal/process/task_queues:103:5)\n    at async Connection.connectAsync (C:\\Users\\langd4\\Documents\\GitH"}
{"level":"ERROR","message":"[2:51:42.038 AM]: Connection[id: 13711281-a8f3-40c9-9ea8-a337e8728bfd] - failed during authentication. Error: TypeError: Cannot read properties of null (reading 'proofKey')\n    at AuthWeb.authenticate (C:\\Users\\langd4\\Documents\\GitHub\\TrailMatev2\\node_modules\\snowflake-sdk\\dist\\lib\\authentication\\auth_web.js:70:31)\n    at process.processTicksAndRejections (node:internal/process/task_queues:103:5)\n    at async Connection.connectAsync (C:\\Users\\langd4\\Documents\\GitHub\\TrailMatev2\\node_modules\\snowflake-sdk\\dist\\lib"}
{"level":"INFO","message":"[3:05:07.387 AM]: Creating new connection object"}
{"level":"INFO","message":"[3:05:07.405 AM]: Creating Connection[id: 3bda78a5-6068-43b8-bfd4-ef22d7865822] with host: cnc27663.snowflakecomputing.com, account: cnc27663, accessUrl: https://cnc27663.snowflakecomputing.com, user: typicality, role: undefined, database: WALKS, schema: PUBLIC, warehouse: COMPUTE_WH, proxy was not configured, password is not provided, region: undefined, authenticator: SNOWFLAKE, ocsp mode: FAIL_OPEN, os: win32, os version: 10.0.26200"}
{"level":"INFO","message":"[3:05:07.405 AM]: Connection[id: 3bda78a5-6068-43b8-bfd4-ef22d7865822] additional details: passcode in password is provided, passcode is not provided, private key is provided, application: undefined, client name: snowflake-sdk, client version: 2.3.4, retry timeout: 300, private key path: undefined, private key pass is not provided, client store temporary credential: false, browser response timeout: 120000"}
{"level":"INFO","message":"[3:05:07.405 AM]: Connection[id: 3bda78a5-6068-43b8-bfd4-ef22d7865822] - connection object created successfully."}
{"level":"INFO","message":"[3:05:07.406 AM]: Connection[id: 3bda78a5-6068-43b8-bfd4-ef22d7865822] - async connecting. Associated Snowflake domain: GLOBAL"}
{"level":"INFO","message":"[3:05:07.406 AM]: Trying to initialize Easy Logging"}
{"level":"INFO","message":"[3:05:07.409 AM]: No client config detected."}
{"level":"INFO","message":"[3:05:07.410 AM]: No config file path found. Client config will not be used."}
{"level":"INFO","message":"[3:05:07.410 AM]: Easy Logging is disabled as no config has been found"}
{"level":"INFO","message":"[3:05:07.411 AM]: Connection[id: 3bda78a5-6068-43b8-bfd4-ef22d7865822] - authentication successful using: SNOWFLAKE"}
{"level":"ERROR","message":"[3:05:07.802 AM]: Connection[id: 3bda78a5-6068-43b8-bfd4-ef22d7865822] - connection failed after 396.42 milliseconds. Error: Request to Snowflake failed."}
{"level":"INFO","message":"[3:08:07.085 AM]: Creating new connection object"}
{"level":"INFO","message":"[3:08:07.102 AM]: Creating Connection[id: cd05e86a-bd29-4085-b47e-d44a662a8f1f] with host: cnc27663.snowflakecomputing.com, account: cnc27663, accessUrl: https://cnc27663.snowflakecomputing.com, user: typicality, role: undefined, database: WALKS, schema: PUBLIC, warehouse: COMPUTE_WH, proxy was not configured, password is not provided, region: undefined, authenticator: SNOWFLAKE, ocsp mode: FAIL_OPEN, os: win32, os version: 10.0.26200"}
{"level":"INFO","message":"[3:08:07.103 AM]: Connection[id: cd05e86a-bd29-4085-b47e-d44a662a8f1f] additional details: passcode in password is provided, passcode is not provided, private key is provided, application: undefined, client name: snowflake-sdk, client version: 2.3.4, retry timeout: 300, private key path: undefined, private key pass is not provided, client store temporary credential: false, browser response timeout: 120000"}
{"level":"INFO","message":"[3:08:07.103 AM]: Connection[id: cd05e86a-bd29-4085-b47e-d44a662a8f1f] - connection object created successfully."}
{"level":"INFO","message":"[3:08:07.104 AM]: Connection[id: cd05e86a-bd29-4085-b47e-d44a662a8f1f] - async connecting. Associated Snowflake domain: GLOBAL"}
{"level":"INFO","message":"[3:08:07.104 AM]: Trying to initialize Easy Logging"}
{"level":"INFO","message":"[3:08:07.107 AM]: No client config detected."}
{"level":"INFO","message":"[3:08:07.107 AM]: No config file path found. Client config will not be used."}
{"level":"INFO","message":"[3:08:07.108 AM]: Easy Logging is disabled as no config has been found"}
{"level":"INFO","message":"[3:08:07.108 AM]: Connection[id: cd05e86a-bd29-4085-b47e-d44a662a8f1f] - authentication successful using: SNOWFLAKE"}
{"level":"ERROR","message":"[3:08:07.469 AM]: Connection[id: cd05e86a-bd29-4085-b47e-d44a662a8f1f] - connection failed after 365.26 milliseconds. Error: Request to Snowflake failed."}
{"level":"INFO","message":"[3:09:01.642 AM]: Creating new connection object"}
{"level":"INFO","message":"[3:09:01.659 AM]: Creating Connection[id: 7426ff2f-090a-43a6-88e2-9b9d1e1ea0f8] with host: cnc27663.snowflakecomputing.com, account: cnc27663, accessUrl: https://cnc27663.snowflakecomputing.com, user: typicality, role: undefined, database: WALKS, schema: PUBLIC, warehouse: TEST_WH, proxy was not configured, password is not provided, region: undefined, authenticator: SNOWFLAKE, ocsp mode: FAIL_OPEN, os: win32, os version: 10.0.26200"}
{"level":"INFO","message":"[3:09:01.659 AM]: Connection[id: 7426ff2f-090a-43a6-88e2-9b9d1e1ea0f8] additional details: passcode in password is provided, passcode is not provided, private key is provided, application: undefined, client name: snowflake-sdk, client version: 2.3.4, retry timeout: 300, private key path: undefined, private key pass is not provided, client store temporary credential: false, browser response timeout: 120000"}
{"level":"INFO","message":"[3:09:01.659 AM]: Connection[id: 7426ff2f-090a-43a6-88e2-9b9d1e1ea0f8] - connection object created successfully."}
{"level":"INFO","message":"[3:09:01.660 AM]: Connection[id: 7426ff2f-090a-43a6-88e2-9b9d1e1ea0f8] - async connecting. Associated Snowflake domain: GLOBAL"}
{"level":"INFO","message":"[3:09:01.661 AM]: Trying to initialize Easy Logging"}
{"level":"INFO","message":"[3:09:01.663 AM]: No client config detected."}
{"level":"INFO","message":"[3:09:01.663 AM]: No config file path found. Client config will not be used."}
{"level":"INFO","message":"[3:09:01.663 AM]: Easy Logging is disabled as no config has been found"}
{"level":"INFO","message":"[3:09:01.664 AM]: Connection[id: 7426ff2f-090a-43a6-88e2-9b9d1e1ea0f8] - authentication successful using: SNOWFLAKE"}
{"level":"ERROR","message":"[3:09:02.021 AM]: Connection[id: 7426ff2f-090a-43a6-88e2-9b9d1e1ea0f8] - connection failed after 360.74 milliseconds. Error: Request to Snowflake failed."}
{"level":"INFO","message":"[3:09:35.757 AM]: Creating new connection object"}
{"level":"INFO","message":"[3:09:35.774 AM]: Creating Connection[id: c37f61b5-4726-493f-b3cf-3ff3291f5b01] with host: cnc27663.snowflakecomputing.com, account: cnc27663, accessUrl: https://cnc27663.snowflakecomputing.com, user: typicality, role: undefined, database: WALKS, schema: PUBLIC, warehouse: TEST_WH, proxy was not configured, password is not provided, region: undefined, authenticator: SNOWFLAKE, ocsp mode: FAIL_OPEN, os: win32, os version: 10.0.26200"}
{"level":"INFO","message":"[3:09:35.774 AM]: Connection[id: c37f61b5-4726-493f-b3cf-3ff3291f5b01] additional details: passcode in password is provided, passcode is not provided, private key is provided, application: undefined, client name: snowflake-sdk, client version: 2.3.4, retry timeout: 300, private key path: undefined, private key pass is not provided, client store temporary credential: false, browser response timeout: 120000"}
{"level":"INFO","message":"[3:09:35.774 AM]: Connection[id: c37f61b5-4726-493f-b3cf-3ff3291f5b01] - connection object created successfully."}
{"level":"INFO","message":"[3:09:35.775 AM]: Connection[id: c37f61b5-4726-493f-b3cf-3ff3291f5b01] - async connecting. Associated Snowflake domain: GLOBAL"}
{"level":"INFO","message":"[3:09:35.775 AM]: Trying to initialize Easy Logging"}
{"level":"INFO","message":"[3:09:35.778 AM]: No client config detected."}
{"level":"INFO","message":"[3:09:35.778 AM]: No config file path found. Client config will not be used."}
{"level":"INFO","message":"[3:09:35.778 AM]: Easy Logging is disabled as no config has been found"}
{"level":"INFO","message":"[3:09:35.779 AM]: Connection[id: c37f61b5-4726-493f-b3cf-3ff3291f5b01] - authentication successful using: SNOWFLAKE"}
{"level":"ERROR","message":"[3:09:36.143 AM]: Connection[id: c37f61b5-4726-493f-b3cf-3ff3291f5b01] - connection failed after 368.19 milliseconds. Error: Request to Snowflake failed."}
{"level":"INFO","message":"[3:09:51.751 AM]: Creating new connection object"}
{"level":"INFO","message":"[3:09:51.768 AM]: Creating Connection[id: f6a28ce8-ceb0-45af-bab0-af64974a0fd5] with host: cnc27663.snowflakecomputing.com, account: cnc27663, accessUrl: https://cnc27663.snowflakecomputing.com, user: typicality, role: undefined, database: WALKS, schema: PUBLIC, warehouse: TEST_WH, proxy was not configured, password is not provided, region: undefined, authenticator: SNOWFLAKE, ocsp mode: FAIL_OPEN, os: win32, os version: 10.0.26200"}
{"level":"INFO","message":"[3:09:51.769 AM]: Connection[id: f6a28ce8-ceb0-45af-bab0-af64974a0fd5] additional details: passcode in password is provided, passcode is not provided, private key is provided, application: undefined, client name: snowflake-sdk, client version: 2.3.4, retry timeout: 300, private key path: undefined, private key pass is not provided, client store temporary credential: false, browser response timeout: 120000"}
{"level":"INFO","message":"[3:09:51.769 AM]: Connection[id: f6a28ce8-ceb0-45af-bab0-af64974a0fd5] - connection object created successfully."}
{"level":"INFO","message":"[3:09:51.770 AM]: Connection[id: f6a28ce8-ceb0-45af-bab0-af64974a0fd5] - async connecting. Associated Snowflake domain: GLOBAL"}
{"level":"INFO","message":"[3:09:51.770 AM]: Trying to initialize Easy Logging"}
{"level":"INFO","message":"[3:09:51.773 AM]: No client config detected."}
{"level":"INFO","message":"[3:09:51.773 AM]: No config file path found. Client config will not be used."}
{"level":"INFO","message":"[3:09:51.773 AM]: Easy Logging is disabled as no config has been found"}
{"level":"INFO","message":"[3:09:51.773 AM]: Connection[id: f6a28ce8-ceb0-45af-bab0-af64974a0fd5] - authentication successful using: SNOWFLAKE"}
{"level":"ERROR","message":"[3:09:52.125 AM]: Connection[id: f6a28ce8-ceb0-45af-bab0-af64974a0fd5] - connection failed after 355.21 milliseconds. Error: Request to Snowflake failed."}
{"level":"INFO","message":"[3:10:30.416 AM]: Creating new connection object"}
{"level":"INFO","message":"[3:10:30.436 AM]: Creating Connection[id: c12b7def-ece0-4842-8cfe-b2f55be946b5] with host: cnc27663.snowflakecomputing.com, account: cnc27663, accessUrl: https://cnc27663.snowflakecomputing.com, user: typicality, role: undefined, database: WALKS, schema: PUBLIC, warehouse: COMPUTE_WH, proxy was not configured, password is not provided, region: undefined, authenticator: SNOWFLAKE, ocsp mode: FAIL_OPEN, os: win32, os version: 10.0.26200"}
{"level":"INFO","message":"[3:10:30.436 AM]: Connection[id: c12b7def-ece0-4842-8cfe-b2f55be946b5] additional details: passcode in password is provided, passcode is not provided, private key is provided, application: undefined, client name: snowflake-sdk, client version: 2.3.4, retry timeout: 300, private key path: undefined, private key pass is not provided, client store temporary credential: false, browser response timeout: 120000"}
{"level":"INFO","message":"[3:10:30.436 AM]: Connection[id: c12b7def-ece0-4842-8cfe-b2f55be946b5] - connection object created successfully."}
{"level":"INFO","message":"[3:10:30.437 AM]: Connection[id: c12b7def-ece0-4842-8cfe-b2f55be946b5] - async connecting. Associated Snowflake domain: GLOBAL"}
{"level":"INFO","message":"[3:10:30.438 AM]: Trying to initialize Easy Logging"}
{"level":"INFO","message":"[3:10:30.440 AM]: No client config detected."}
{"level":"INFO","message":"[3:10:30.441 AM]: No config file path found. Client config will not be used."}
{"level":"INFO","message":"[3:10:30.441 AM]: Easy Logging is disabled as no config has been found"}
{"level":"INFO","message":"[3:10:30.441 AM]: Connection[id: c12b7def-ece0-4842-8cfe-b2f55be946b5] - authentication successful using: SNOWFLAKE"}
{"level":"ERROR","message":"[3:10:30.813 AM]: Connection[id: c12b7def-ece0-4842-8cfe-b2f55be946b5] - connection failed after 376.04 milliseconds. Error: Request to Snowflake failed."}
{"level":"INFO","message":"[3:11:04.021 AM]: Creating new connection object"}
{"level":"INFO","message":"[3:11:04.038 AM]: Creating Connection[id: 2674f777-6b64-405d-b3cc-075abd3017e8] with host: cnc27663.snowflakecomputing.com, account: cnc27663, accessUrl: https://cnc27663.snowflakecomputing.com, user: typicality, role: undefined, database: WALKS, schema: PUBLIC, warehouse: COMPUTE_WH, proxy was not configured, password is not provided, region: undefined, authenticator: SNOWFLAKE, ocsp mode: FAIL_OPEN, os: win32, os version: 10.0.26200"}
{"level":"INFO","message":"[3:11:04.038 AM]: Connection[id: 2674f777-6b64-405d-b3cc-075abd3017e8] additional details: passcode in password is provided, passcode is not provided, private key is provided, application: undefined, client name: snowflake-sdk, client version: 2.3.4, retry timeout: 300, private key path: undefined, private key pass is not provided, client store temporary credential: false, browser response timeout: 120000"}
{"level":"INFO","message":"[3:11:04.039 AM]: Connection[id: 2674f777-6b64-405d-b3cc-075abd3017e8] - connection object created successfully."}
{"level":"INFO","message":"[3:11:04.039 AM]: Connection[id: 2674f777-6b64-405d-b3cc-075abd3017e8] - async connecting. Associated Snowflake domain: GLOBAL"}
{"level":"INFO","message":"[3:11:04.040 AM]: Trying to initialize Easy Logging"}
{"level":"INFO","message":"[3:11:04.042 AM]: No client config detected."}
{"level":"INFO","message":"[3:11:04.043 AM]: No config file path found. Client config will not be used."}
{"level":"INFO","message":"[3:11:04.043 AM]: Easy Logging is disabled as no config has been found"}
{"level":"INFO","message":"[3:11:04.043 AM]: Connection[id: 2674f777-6b64-405d-b3cc-075abd3017e8] - authentication successful using: SNOWFLAKE"}
{"level":"ERROR","message":"[3:11:04.409 AM]: Connection[id: 2674f777-6b64-405d-b3cc-075abd3017e8] - connection failed after 369.74 milliseconds. Error: Request to Snowflake failed."}
{"level":"INFO","message":"[3:11:36.769 AM]: Creating new connection object"}
{"level":"INFO","message":"[3:11:36.785 AM]: Creating Connection[id: 1b220dfc-e159-4ee5-a57b-72d34ce1e886] with host: cnc27663.snowflakecomputing.com, account: cnc27663, accessUrl: https://cnc27663.snowflakecomputing.com, user: typicality, role: undefined, database: WALKS, schema: PUBLIC, warehouse: TEST_WH, proxy was not configured, password is not provided, region: undefined, authenticator: SNOWFLAKE, ocsp mode: FAIL_OPEN, os: win32, os version: 10.0.26200"}
{"level":"INFO","message":"[3:11:36.786 AM]: Connection[id: 1b220dfc-e159-4ee5-a57b-72d34ce1e886] additional details: passcode in password is provided, passcode is not provided, private key is provided, application: undefined, client name: snowflake-sdk, client version: 2.3.4, retry timeout: 300, private key path: undefined, private key pass is not provided, client store temporary credential: false, browser response timeout: 120000"}
{"level":"INFO","message":"[3:11:36.786 AM]: Connection[id: 1b220dfc-e159-4ee5-a57b-72d34ce1e886] - connection object created successfully."}
{"level":"INFO","message":"[3:11:36.787 AM]: Connection[id: 1b220dfc-e159-4ee5-a57b-72d34ce1e886] - async connecting. Associated Snowflake domain: GLOBAL"}
{"level":"INFO","message":"[3:11:36.787 AM]: Trying to initialize Easy Logging"}
{"level":"INFO","message":"[3:11:36.790 AM]: No client config detected."}
{"level":"INFO","message":"[3:11:36.791 AM]: No config file path found. Client config will not be used."}
{"level":"INFO","message":"[3:11:36.791 AM]: Easy Logging is disabled as no config has been found"}
{"level":"INFO","message":"[3:11:36.792 AM]: Connection[id: 1b220dfc-e159-4ee5-a57b-72d34ce1e886] - authentication successful using: SNOWFLAKE"}
{"level":"ERROR","message":"[3:11:37.258 AM]: Connection[id: 1b220dfc-e159-4ee5-a57b-72d34ce1e886] - connection failed after 470.91 milliseconds. Error: Request to Snowflake failed."}
{"level":"INFO","message":"[3:12:13.859 AM]: Creating new connection object"}
{"level":"INFO","message":"[3:12:13.874 AM]: Creating Connection[id: bb3a5e2d-6456-45b1-951b-6b1bebeb939b] with host: cnc27663.snowflakecomputing.com, account: cnc27663, accessUrl: https://cnc27663.snowflakecomputing.com, user: typicality, role: undefined, database: WALKS, schema: PUBLIC, warehouse: TEST_WH, proxy was not configured, password is not provided, region: undefined, authenticator: SNOWFLAKE, ocsp mode: FAIL_OPEN, os: win32, os version: 10.0.26200"}
{"level":"INFO","message":"[3:12:13.875 AM]: Connection[id: bb3a5e2d-6456-45b1-951b-6b1bebeb939b] additional details: passcode in password is provided, passcode is not provided, private key is provided, application: undefined, client name: snowflake-sdk, client version: 2.3.4, retry timeout: 300, private key path: undefined, private key pass is not provided, client store temporary credential: false, browser response timeout: 120000"}
{"level":"INFO","message":"[3:12:13.875 AM]: Connection[id: bb3a5e2d-6456-45b1-951b-6b1bebeb939b] - connection object created successfully."}
{"level":"INFO","message":"[3:12:13.876 AM]: Connection[id: bb3a5e2d-6456-45b1-951b-6b1bebeb939b] - async connecting. Associated Snowflake domain: GLOBAL"}
{"level":"INFO","message":"[3:12:13.876 AM]: Trying to initialize Easy Logging"}
{"level":"INFO","message":"[3:12:13.879 AM]: No client config detected."}
{"level":"INFO","message":"[3:12:13.879 AM]: No config file path found. Client config will not be used."}
{"level":"INFO","message":"[3:12:13.879 AM]: Easy Logging is disabled as no config has been found"}
{"level":"INFO","message":"[3:12:13.879 AM]: Connection[id: bb3a5e2d-6456-45b1-951b-6b1bebeb939b] - authentication successful using: SNOWFLAKE"}
{"level":"ERROR","message":"[3:12:14.250 AM]: Connection[id: bb3a5e2d-6456-45b1-951b-6b1bebeb939b] - connection failed after 374.51 milliseconds. Error: Request to Snowflake failed."}
{"level":"INFO","message":"[3:13:05.672 AM]: Creating new connection object"}
{"level":"INFO","message":"[3:13:05.688 AM]: Creating Connection[id: 7704c9ad-5db2-4215-b6d0-c7375d725e89] with host: cnc27663.snowflakecomputing.com, account: cnc27663, accessUrl: https://cnc27663.snowflakecomputing.com, user: typicality, role: undefined, database: WALKS, schema: PUBLIC, warehouse: TEST_WH, proxy was not configured, password is not provided, region: undefined, authenticator: SNOWFLAKE, ocsp mode: FAIL_OPEN, os: win32, os version: 10.0.26200"}
{"level":"INFO","message":"[3:13:05.689 AM]: Connection[id: 7704c9ad-5db2-4215-b6d0-c7375d725e89] additional details: passcode in password is provided, passcode is not provided, private key is provided, application: undefined, client name: snowflake-sdk, client version: 2.3.4, retry timeout: 300, private key path: undefined, private key pass is not provided, client store temporary credential: false, browser response timeout: 120000"}
{"level":"INFO","message":"[3:13:05.689 AM]: Connection[id: 7704c9ad-5db2-4215-b6d0-c7375d725e89] - connection object created successfully."}
{"level":"INFO","message":"[3:13:05.690 AM]: Connection[id: 7704c9ad-5db2-4215-b6d0-c7375d725e89] - async connecting. Associated Snowflake domain: GLOBAL"}
{"level":"INFO","message":"[3:13:05.690 AM]: Trying to initialize Easy Logging"}
{"level":"INFO","message":"[3:13:05.693 AM]: No client config detected."}
{"level":"INFO","message":"[3:13:05.693 AM]: No config file path found. Client config will not be used."}
{"level":"INFO","message":"[3:13:05.693 AM]: Easy Logging is disabled as no config has been found"}
{"level":"INFO","message":"[3:13:05.694 AM]: Connection[id: 7704c9ad-5db2-4215-b6d0-c7375d725e89] - authentication successful using: SNOWFLAKE"}
{"level":"ERROR","message":"[3:13:06.053 AM]: Connection[id: 7704c9ad-5db2-4215-b6d0-c7375d725e89] - connection failed after 363.36 milliseconds. Error: Request to Snowflake failed."}
{"level":"INFO","message":"[3:13:34.955 AM]: Creating new connection object"}
{"level":"INFO","message":"[3:13:34.972 AM]: Creating Connection[id: e6c68d0c-0984-4046-8e45-0e09deb0cde9] with host: cnc27663.snowflakecomputing.com, account: cnc27663, accessUrl: https://cnc27663.snowflakecomputing.com, user: typicality, role: undefined, database: WALKS, schema: PUBLIC, warehouse: TEST_WH, proxy was not configured, password is not provided, region: undefined, authenticator: SNOWFLAKE, ocsp mode: FAIL_OPEN, os: win32, os version: 10.0.26200"}
{"level":"INFO","message":"[3:13:34.973 AM]: Connection[id: e6c68d0c-0984-4046-8e45-0e09deb0cde9] additional details: passcode in password is provided, passcode is not provided, private key is provided, application: undefined, client name: snowflake-sdk, client version: 2.3.4, retry timeout: 300, private key path: undefined, private key pass is not provided, client store temporary credential: false, browser response timeout: 120000"}
{"level":"INFO","message":"[3:13:34.973 AM]: Connection[id: e6c68d0c-0984-4046-8e45-0e09deb0cde9] - connection object created successfully."}
{"level":"INFO","message":"[3:13:34.974 AM]: Connection[id: e6c68d0c-0984-4046-8e45-0e09deb0cde9] - async connecting. Associated Snowflake domain: GLOBAL"}
{"level":"INFO","message":"[3:13:34.974 AM]: Trying to initialize Easy Logging"}
{"level":"INFO","message":"[3:13:34.977 AM]: No client config detected."}
{"level":"INFO","message":"[3:13:34.977 AM]: No config file path found. Client config will not be used."}
{"level":"INFO","message":"[3:13:34.977 AM]: Easy Logging is disabled as no config has been found"}
{"level":"INFO","message":"[3:13:34.977 AM]: Connection[id: e6c68d0c-0984-4046-8e45-0e09deb0cde9] - authentication successful using: SNOWFLAKE"}
{"level":"ERROR","message":"[3:13:35.335 AM]: Connection[id: e6c68d0c-0984-4046-8e45-0e09deb0cde9] - connection failed after 361.33 milliseconds. Error: Request to Snowflake failed."}
{"level":"INFO","message":"[3:14:28.110 AM]: Creating new connection object"}
{"level":"INFO","message":"[3:14:28.126 AM]: Creating Connection[id: 932350a8-deb9-486a-819e-2e194b5be96d] with host: cnc27663.snowflakecomputing.com, account: cnc27663, accessUrl: https://cnc27663.snowflakecomputing.com, user: typicality, role: undefined, database: WALKS, schema: PUBLIC, warehouse: TEST_WH, proxy was not configured, password is not provided, region: undefined, authenticator: SNOWFLAKE, ocsp mode: FAIL_OPEN, os: win32, os version: 10.0.26200"}
{"level":"INFO","message":"[3:14:28.127 AM]: Connection[id: 932350a8-deb9-486a-819e-2e194b5be96d] additional details: passcode in password is provided, passcode is not provided, private key is provided, application: undefined, client name: snowflake-sdk, client version: 2.3.4, retry timeout: 300, private key path: undefined, private key pass is not provided, client store temporary credential: false, browser response timeout: 120000"}
{"level":"INFO","message":"[3:14:28.127 AM]: Connection[id: 932350a8-deb9-486a-819e-2e194b5be96d] - connection object created successfully."}
{"level":"INFO","message":"[3:14:28.128 AM]: Connection[id: 932350a8-deb9-486a-819e-2e194b5be96d] - async connecting. Associated Snowflake domain: GLOBAL"}
{"level":"INFO","message":"[3:14:28.128 AM]: Trying to initialize Easy Logging"}
{"level":"INFO","message":"[3:14:28.131 AM]: No client config detected."}
{"level":"INFO","message":"[3:14:28.131 AM]: No config file path found. Client config will not be used."}
{"level":"INFO","message":"[3:14:28.131 AM]: Easy Logging is disabled as no config has been found"}
{"level":"INFO","message":"[3:14:28.131 AM]: Connection[id: 932350a8-deb9-486a-819e-2e194b5be96d] - authentication successful using: SNOWFLAKE"}
{"level":"ERROR","message":"[3:14:28.513 AM]: Connection[id: 932350a8-deb9-486a-819e-2e194b5be96d] - connection failed after 385.32 milliseconds. Error: Request to Snowflake failed."}
{"level":"INFO","message":"[3:16:29.078 AM]: Creating new connection object"}
{"level":"INFO","message":"[3:16:29.095 AM]: Creating Connection[id: 5a407206-c56f-4352-bce0-07338c3163cf] with host: cnc27663.snowflakecomputing.com, account: cnc27663, accessUrl: https://cnc27663.snowflakecomputing.com, user: typicality, role: undefined, database: WALKS, schema: PUBLIC, warehouse: TEST_WH, proxy was not configured, password is not provided, region: undefined, authenticator: SNOWFLAKE, ocsp mode: FAIL_OPEN, os: win32, os version: 10.0.26200"}
{"level":"INFO","message":"[3:16:29.095 AM]: Connection[id: 5a407206-c56f-4352-bce0-07338c3163cf] additional details: passcode in password is provided, passcode is not provided, private key is provided, application: undefined, client name: snowflake-sdk, client version: 2.3.4, retry timeout: 300, private key path: undefined, private key pass is not provided, client store temporary credential: false, browser response timeout: 120000"}
{"level":"INFO","message":"[3:16:29.096 AM]: Connection[id: 5a407206-c56f-4352-bce0-07338c3163cf] - connection object created successfully."}
{"level":"INFO","message":"[3:16:29.096 AM]: Connection[id: 5a407206-c56f-4352-bce0-07338c3163cf] - connecting. Associated Snowflake domain: GLOBAL"}
{"level":"INFO","message":"[3:16:29.097 AM]: Connection[id: 5a407206-c56f-4352-bce0-07338c3163cf] - authentication successful using: SNOWFLAKE"}
{"level":"INFO","message":"[3:16:29.098 AM]: Trying to initialize Easy Logging"}
{"level":"INFO","message":"[3:16:29.100 AM]: No client config detected."}
{"level":"INFO","message":"[3:16:29.100 AM]: No config file path found. Client config will not be used."}
{"level":"INFO","message":"[3:16:29.100 AM]: Easy Logging is disabled as no config has been found"}
{"level":"ERROR","message":"[3:16:29.472 AM]: Connection[id: 5a407206-c56f-4352-bce0-07338c3163cf] - connection failed after 375.98 milliseconds. Error: Request to Snowflake failed."}
{"level":"INFO","message":"[3:18:18.516 AM]: Creating new connection object"}
{"level":"INFO","message":"[3:18:18.534 AM]: Creating Connection[id: c707a7e7-c7e1-4f73-a53c-ae70e7bdcbdb] with host: cnc27663.snowflakecomputing.com, account: cnc27663, accessUrl: https://cnc27663.snowflakecomputing.com, user: typicality, role: undefined, database: WALKS, schema: PUBLIC, warehouse: TEST_WH, proxy was not configured, password is not provided, region: undefined, authenticator: SNOWFLAKE, ocsp mode: FAIL_OPEN, os: win32, os version: 10.0.26200"}
{"level":"INFO","message":"[3:18:18.535 AM]: Connection[id: c707a7e7-c7e1-4f73-a53c-ae70e7bdcbdb] additional details: passcode in password is provided, passcode is not provided, private key is provided, application: undefined, client name: snowflake-sdk, client version: 2.3.4, retry timeout: 300, private key path: undefined, private key pass is not provided, client store temporary credential: false, browser response timeout: 120000"}
{"level":"INFO","message":"[3:18:18.535 AM]: Connection[id: c707a7e7-c7e1-4f73-a53c-ae70e7bdcbdb] - connection object created successfully."}
{"level":"INFO","message":"[3:18:18.535 AM]: Connection[id: c707a7e7-c7e1-4f73-a53c-ae70e7bdcbdb] - async connecting. Associated Snowflake domain: GLOBAL"}
{"level":"INFO","message":"[3:18:18.536 AM]: Trying to initialize Easy Logging"}
{"level":"INFO","message":"[3:18:18.539 AM]: No client config detected."}
{"level":"INFO","message":"[3:18:18.539 AM]: No config file path found. Client config will not be used."}
{"level":"INFO","message":"[3:18:18.539 AM]: Easy Logging is disabled as no config has been found"}
{"level":"INFO","message":"[3:18:18.539 AM]: Connection[id: c707a7e7-c7e1-4f73-a53c-ae70e7bdcbdb] - authentication successful using: SNOWFLAKE"}
{"level":"ERROR","message":"[3:18:18.903 AM]: Connection[id: c707a7e7-c7e1-4f73-a53c-ae70e7bdcbdb] - connection failed after 367.23 milliseconds. Error: Request to Snowflake failed."}
{"level":"INFO","message":"[3:20:21.652 AM]: Creating new connection object"}
{"level":"INFO","message":"[3:20:21.669 AM]: Creating Connection[id: 70ce2550-1351-448a-975e-4b5c74d34ea2] with host: cnc27663.snowflakecomputing.com, account: cnc27663, accessUrl: https://cnc27663.snowflakecomputing.com, user: typicality, role: undefined, database: WALKS, schema: PUBLIC, warehouse: TEST_WH, proxy was not configured, password is not provided, region: undefined, authenticator: SNOWFLAKE_JWT, ocsp mode: FAIL_OPEN, os: win32, os version: 10.0.26200"}
{"level":"INFO","message":"[3:20:21.669 AM]: Connection[id: 70ce2550-1351-448a-975e-4b5c74d34ea2] additional details: passcode in password is provided, passcode is not provided, private key is provided, application: undefined, client name: snowflake-sdk, client version: 2.3.4, retry timeout: 300, private key path: undefined, private key pass is not provided, client store temporary credential: false, browser response timeout: 120000"}
{"level":"INFO","message":"[3:20:21.670 AM]: Connection[id: 70ce2550-1351-448a-975e-4b5c74d34ea2] - connection object created successfully."}
{"level":"INFO","message":"[3:20:21.670 AM]: Connection[id: 70ce2550-1351-448a-975e-4b5c74d34ea2] - connecting. Associated Snowflake domain: GLOBAL"}
{"level":"INFO","message":"[3:20:21.686 AM]: Connection[id: 70ce2550-1351-448a-975e-4b5c74d34ea2] - authentication successful using: SNOWFLAKE_JWT"}
{"level":"INFO","message":"[3:20:21.687 AM]: Trying to initialize Easy Logging"}
{"level":"INFO","message":"[3:20:21.691 AM]: No client config detected."}
{"level":"INFO","message":"[3:20:21.691 AM]: No config file path found. Client config will not be used."}
{"level":"INFO","message":"[3:20:21.691 AM]: Easy Logging is disabled as no config has been found"}
{"level":"ERROR","message":"[3:20:22.053 AM]: Connection[id: 70ce2550-1351-448a-975e-4b5c74d34ea2] - connection failed after 383.01 milliseconds. Error: Request to Snowflake failed."}
{"level":"INFO","message":"[3:25:20.024 AM]: Creating new connection object"}
{"level":"INFO","message":"[3:25:20.040 AM]: Creating Connection[id: 4c70c26f-905a-4ae9-9ef3-4574d0e7c5e5] with host: cnc27663.snowflakecomputing.com, account: cnc27663, accessUrl: https://cnc27663.snowflakecomputing.com, user: typicality, role: undefined, database: WALKS, schema: PUBLIC, warehouse: TEST_WH, proxy was not configured, password is not provided, region: undefined, authenticator: SNOWFLAKE_JWT, ocsp mode: FAIL_OPEN, os: win32, os version: 10.0.26200"}
{"level":"INFO","message":"[3:25:20.040 AM]: Connection[id: 4c70c26f-905a-4ae9-9ef3-4574d0e7c5e5] additional details: passcode in password is provided, passcode is not provided, private key is provided, application: undefined, client name: snowflake-sdk, client version: 2.3.4, retry timeout: 300, private key path: undefined, private key pass is not provided, client store temporary credential: false, browser response timeout: 120000"}
{"level":"INFO","message":"[3:25:20.041 AM]: Connection[id: 4c70c26f-905a-4ae9-9ef3-4574d0e7c5e5] - connection object created successfully."}
{"level":"INFO","message":"[3:25:20.042 AM]: Connection[id: 4c70c26f-905a-4ae9-9ef3-4574d0e7c5e5] - connecting. Associated Snowflake domain: GLOBAL"}
{"level":"INFO","message":"[3:25:20.047 AM]: Connection[id: 4c70c26f-905a-4ae9-9ef3-4574d0e7c5e5] - authentication successful using: SNOWFLAKE_JWT"}
{"level":"INFO","message":"[3:25:20.048 AM]: Trying to initialize Easy Logging"}
{"level":"INFO","message":"[3:25:20.052 AM]: No client config detected."}
{"level":"INFO","message":"[3:25:20.052 AM]: No config file path found. Client config will not be used."}
{"level":"INFO","message":"[3:25:20.053 AM]: Easy Logging is disabled as no config has been found"}
{"level":"ERROR","message":"[3:25:20.409 AM]: Connection[id: 4c70c26f-905a-4ae9-9ef3-4574d0e7c5e5] - connection failed after 367.16 milliseconds. Error: Request to Snowflake failed."}
{"level":"INFO","message":"[3:28:18.170 AM]: Creating new connection object"}
{"level":"INFO","message":"[3:28:18.187 AM]: Creating Connection[id: 00c4ab43-503e-466d-97ec-c457c53a4450] with host: cnc27663.us-east-1.aws.snowflakecomputing.com, account: cnc27663, accessUrl: https://cnc27663.us-east-1.aws.snowflakecomputing.com, user: typicality, role: SYSADMIN, database: WALKS, schema: PUBLIC, warehouse: TEST_WH, proxy was not configured, password is not provided, region: us-east-1.aws, authenticator: SNOWFLAKE_JWT, ocsp mode: FAIL_OPEN, os: win32, os version: 10.0.26200"}
{"level":"INFO","message":"[3:28:18.188 AM]: Connection[id: 00c4ab43-503e-466d-97ec-c457c53a4450] additional details: passcode in password is provided, passcode is not provided, private key is provided, application: undefined, client name: snowflake-sdk, client version: 2.3.4, retry timeout: 300, private key path: undefined, private key pass is not provided, client store temporary credential: false, browser response timeout: 120000"}
{"level":"INFO","message":"[3:28:18.188 AM]: Connection[id: 00c4ab43-503e-466d-97ec-c457c53a4450] - connection object created successfully."}
{"level":"INFO","message":"[3:28:18.189 AM]: Connection[id: 00c4ab43-503e-466d-97ec-c457c53a4450] - connecting. Associated Snowflake domain: GLOBAL"}
{"level":"INFO","message":"[3:28:18.194 AM]: Connection[id: 00c4ab43-503e-466d-97ec-c457c53a4450] - authentication successful using: SNOWFLAKE_JWT"}
{"level":"INFO","message":"[3:28:18.195 AM]: Trying to initialize Easy Logging"}
{"level":"INFO","message":"[3:28:18.197 AM]: No client config detected."}
{"level":"INFO","message":"[3:28:18.197 AM]: No config file path found. Client config will not be used."}
{"level":"INFO","message":"[3:28:18.198 AM]: Easy Logging is disabled as no config has been found"}
{"level":"INFO","message":"[3:29:43.872 AM]: Creating new connection object"}
{"level":"INFO","message":"[3:29:43.889 AM]: Creating Connection[id: 11f24fe9-4c57-4c42-ba4f-f699efaff1cd] with host: cnc27663.us-east-1.aws.snowflakecomputing.com, account: cnc27663, accessUrl: https://cnc27663.us-east-1.aws.snowflakecomputing.com, user: typicality, role: SYSADMIN, database: WALKS, schema: PUBLIC, warehouse: TEST_WH, proxy was not configured, password is not provided, region: us-east-1.aws, authenticator: SNOWFLAKE_JWT, ocsp mode: FAIL_OPEN, os: win32, os version: 10.0.26200"}
{"level":"INFO","message":"[3:29:43.889 AM]: Connection[id: 11f24fe9-4c57-4c42-ba4f-f699efaff1cd] additional details: passcode in password is provided, passcode is not provided, private key is provided, application: undefined, client name: snowflake-sdk, client version: 2.3.4, retry timeout: 300, private key path: undefined, private key pass is not provided, client store temporary credential: false, browser response timeout: 120000"}
{"level":"INFO","message":"[3:29:43.890 AM]: Connection[id: 11f24fe9-4c57-4c42-ba4f-f699efaff1cd] - connection object created successfully."}
{"level":"INFO","message":"[3:29:43.893 AM]: Connection[id: 11f24fe9-4c57-4c42-ba4f-f699efaff1cd] - connecting. Associated Snowflake domain: GLOBAL"}
{"level":"INFO","message":"[3:29:43.897 AM]: Connection[id: 11f24fe9-4c57-4c42-ba4f-f699efaff1cd] - authentication successful using: SNOWFLAKE_JWT"}
{"level":"INFO","message":"[3:29:43.898 AM]: Trying to initialize Easy Logging"}
{"level":"INFO","message":"[3:29:43.900 AM]: No client config detected."}
{"level":"INFO","message":"[3:29:43.901 AM]: No config file path found. Client config will not be used."}
{"level":"INFO","message":"[3:29:43.901 AM]: Easy Logging is disabled as no config has been found"}
{"level":"INFO","message":"[3:30:26.445 AM]: Creating new connection object"}
{"level":"INFO","message":"[3:30:26.463 AM]: Creating Connection[id: 66e823c3-a371-43bf-b51c-0ba69828f89a] with host: cnc27663.us-east-1.aws.snowflakecomputing.com, account: cnc27663, accessUrl: https://cnc27663.us-east-1.aws.snowflakecomputing.com, user: typicality, role: SYSADMIN, database: WALKS, schema: PUBLIC, warehouse: TEST_WH, proxy was not configured, password is not provided, region: us-east-1.aws, authenticator: SNOWFLAKE_JWT, ocsp mode: FAIL_OPEN, os: win32, os version: 10.0.26200"}
{"level":"INFO","message":"[3:30:26.463 AM]: Connection[id: 66e823c3-a371-43bf-b51c-0ba69828f89a] additional details: passcode in password is provided, passcode is not provided, private key is provided, application: undefined, client name: snowflake-sdk, client version: 2.3.4, retry timeout: 300, private key path: undefined, private key pass is not provided, client store temporary credential: false, browser response timeout: 120000"}
{"level":"INFO","message":"[3:30:26.463 AM]: Connection[id: 66e823c3-a371-43bf-b51c-0ba69828f89a] - connection object created successfully."}
{"level":"INFO","message":"[3:30:26.466 AM]: Connection[id: 66e823c3-a371-43bf-b51c-0ba69828f89a] - connecting. Associated Snowflake domain: GLOBAL"}
{"level":"INFO","message":"[3:30:26.472 AM]: Connection[id: 66e823c3-a371-43bf-b51c-0ba69828f89a] - authentication successful using: SNOWFLAKE_JWT"}
{"level":"INFO","message":"[3:30:26.472 AM]: Trying to initialize Easy Logging"}
{"level":"INFO","message":"[3:30:26.476 AM]: No client config detected."}
{"level":"INFO","message":"[3:30:26.476 AM]: No config file path found. Client config will not be used."}
{"level":"INFO","message":"[3:30:26.477 AM]: Easy Logging is disabled as no config has been found"}
{"level":"ERROR","message":"[3:32:35.002 AM]: Connection[id: 66e823c3-a371-43bf-b51c-0ba69828f89a] - connection failed after 128535.58 milliseconds. Error: Hostname/IP does not match certificate's altnames: Host: cnc27663.us-east-1.aws.snowflakecomputing.com. is not in the cert's altnames: DNS:*.prod3.us-west-2.aws.snowflakecomputing.com, DNS:*.global.privatelink.snowflakecomputing.com, DNS:*.global.snowflakecomputing.com, DNS:*.ingest.pdxaaj.privatelink.snowflakecomputing.com, DNS:*.ingest.pdxaaj.snowflakecomputing.com, DNS:*.opencatalog.p"}
{"level":"INFO","message":"[3:33:12.565 AM]: Creating new connection object"}
{"level":"INFO","message":"[3:33:12.581 AM]: Creating Connection[id: cd5c7105-6ca8-4df8-85da-752c7ab26e08] with host: cnc27663.us-east-1.aws.snowflakecomputing.com, account: cnc27663, accessUrl: https://cnc27663.us-east-1.aws.snowflakecomputing.com, user: typicality, role: SYSADMIN, database: WALKS, schema: PUBLIC, warehouse: TEST_WH, proxy was not configured, password is not provided, region: us-east-1.aws, authenticator: SNOWFLAKE_JWT, ocsp mode: FAIL_OPEN, os: win32, os version: 10.0.26200"}
{"level":"INFO","message":"[3:33:12.582 AM]: Connection[id: cd5c7105-6ca8-4df8-85da-752c7ab26e08] additional details: passcode in password is provided, passcode is not provided, private key is provided, application: undefined, client name: snowflake-sdk, client version: 2.3.4, retry timeout: 300, private key path: undefined, private key pass is not provided, client store temporary credential: false, browser response timeout: 120000"}
{"level":"INFO","message":"[3:33:12.582 AM]: Connection[id: cd5c7105-6ca8-4df8-85da-752c7ab26e08] - connection object created successfully."}
{"level":"INFO","message":"[3:33:12.585 AM]: Connection[id: cd5c7105-6ca8-4df8-85da-752c7ab26e08] - connecting. Associated Snowflake domain: GLOBAL"}
{"level":"INFO","message":"[3:33:12.591 AM]: Connection[id: cd5c7105-6ca8-4df8-85da-752c7ab26e08] - authentication successful using: SNOWFLAKE_JWT"}
{"level":"INFO","message":"[3:33:12.592 AM]: Trying to initialize Easy Logging"}
{"level":"INFO","message":"[3:33:12.595 AM]: No client config detected."}
{"level":"INFO","message":"[3:33:12.596 AM]: No config file path found. Client config will not be used."}
{"level":"INFO","message":"[3:33:12.596 AM]: Easy Logging is disabled as no config has been found"}
{"level":"ERROR","message":"[3:35:16.614 AM]: Connection[id: cd5c7105-6ca8-4df8-85da-752c7ab26e08] - connection failed after 124028.65 milliseconds. Error: Hostname/IP does not match certificate's altnames: Host: cnc27663.us-east-1.aws.snowflakecomputing.com. is not in the cert's altnames: DNS:*.prod3.us-west-2.aws.snowflakecomputing.com, DNS:*.global.privatelink.snowflakecomputing.com, DNS:*.global.snowflakecomputing.com, DNS:*.ingest.pdxaaj.privatelink.snowflakecomputing.com, DNS:*.ingest.pdxaaj.snowflakecomputing.com, DNS:*.opencatalog.p"}
